main.c:78:6:startEventWrapper	8	static
main.c:82:6:endEventWrapper	16	static
main.c:86:13:filter	32	static
main.c:100:17:findMinMaxDiff	24	static
main.c:111:21:voltageStepsToReal	16	static
main.c:126:5:main	16	static
main.c:201:6:SystemClock_Config	88	static
main.c:244:13:MX_ADC1_Init	24	static
main.c:294:13:MX_SDIO_SD_Init	4	static
main.c:322:13:MX_TIM2_Init	64	static
main.c:378:13:MX_DMA_Init	16	static
main.c:402:13:MX_GPIO_Init	48	static
main.c:432:6:HAL_ADC_ConvCpltCallback	16	static
main.c:442:6:Error_Handler	4	static
