stm32f4xx_it.c:76:6:NMI_Handler	4	static
stm32f4xx_it.c:89:6:HardFault_Handler	4	static
stm32f4xx_it.c:104:6:MemManage_Handler	4	static
stm32f4xx_it.c:119:6:BusFault_Handler	4	static
stm32f4xx_it.c:134:6:UsageFault_Handler	4	static
stm32f4xx_it.c:149:6:SVC_Handler	4	static
stm32f4xx_it.c:162:6:DebugMon_Handler	4	static
stm32f4xx_it.c:175:6:PendSV_Handler	4	static
stm32f4xx_it.c:188:6:SysTick_Handler	8	static
stm32f4xx_it.c:208:6:TIM2_IRQHandler	8	static
stm32f4xx_it.c:222:6:SDIO_IRQHandler	8	static
stm32f4xx_it.c:236:6:DMA2_Stream0_IRQHandler	8	static
stm32f4xx_it.c:250:6:DMA2_Stream3_IRQHandler	8	static
stm32f4xx_it.c:264:6:DMA2_Stream6_IRQHandler	8	static
